// Jest Snapshot v1, https://goo.gl/fbAQLP

exports[`renders 1`] = `
.emotion-50 {
  margin-bottom: 0.5em;
  padding: 0 1em;
}

.emotion-42 {
  display: grid;
  grid-template-columns: 120px 0.33fr 0.33fr 0.33fr;
}

@media (max-width:360px) {
  .emotion-42 {
    grid-template-columns: 90px 0.33fr 0.33fr 0.33fr;
  }
}

.emotion-15 {
  display: -webkit-box;
  display: -webkit-flex;
  display: -ms-flexbox;
  display: flex;
  -webkit-align-items: center;
  -webkit-box-align: center;
  -ms-flex-align: center;
  align-items: center;
  -webkit-box-pack: center;
  -webkit-justify-content: center;
  -ms-flex-pack: center;
  justify-content: center;
  width: 130px;
  height: 130px;
  font-size: 0.75em;
  background: #838383;
  position: relative;
  border-radius: 100%;
  overflow: hidden;
  margin-top: -2.5em;
}

@media (max-width:900px) {
  .emotion-15 {
    width: 125px;
    height: 125px;
    font-size: 0.7em;
  }
}

@media (max-width:360px) {
  .emotion-15 {
    margin-left: -1em;
  }
}

.emotion-0 {
  position: absolute;
  top: 0;
  left: 0;
  width: 100%;
  height: 100%;
  box-sizing: border-box;
  border-width: 6px;
  border-style: solid;
  border-color: transparent transparent #3232FF #3232FF;
  -webkit-transform: rotate(45deg);
  -ms-transform: rotate(45deg);
  transform: rotate(45deg);
  border-radius: 100%;
}

.emotion-2 {
  position: absolute;
  top: 0;
  left: 0;
  width: 100%;
  height: 100%;
  box-sizing: border-box;
  border-width: 6px;
  border-style: solid;
  border-color: transparent transparent #3232FF #3232FF;
  -webkit-transform: rotate(45deg);
  -ms-transform: rotate(45deg);
  transform: rotate(45deg);
  -webkit-transform: rotate(-135deg);
  -ms-transform: rotate(-135deg);
  transform: rotate(-135deg);
  border-radius: 100%;
}

.emotion-12 {
  width: calc(100% - calc(6px * 2));
  height: calc(100% - calc(6px * 2));
  background: #F7F7F7;
  border-radius: 100%;
  display: -webkit-box;
  display: -webkit-flex;
  display: -ms-flexbox;
  display: flex;
  -webkit-align-items: center;
  -webkit-box-align: center;
  -ms-flex-align: center;
  align-items: center;
  -webkit-box-pack: center;
  -webkit-justify-content: center;
  -ms-flex-pack: center;
  justify-content: center;
}

.emotion-10 {
  margin-top: -0.5em;
  height: 50%;
  text-align: center;
  display: grid;
  grid-template-rows: 1em 1fr 1.25em;
}

.emotion-4 {
  font-size: 0.875em;
  color: #838383;
  line-height: 0;
  -webkit-align-self: flex-start;
  -ms-flex-item-align: start;
  align-self: flex-start;
}

.emotion-6 {
  font-size: 3.5em;
  color: #3232FF;
  line-height: 0;
  -webkit-align-self: center;
  -ms-flex-item-align: center;
  align-self: center;
  font-weight: 700;
  line-height: 0;
}

.emotion-8 {
  color: #3232FF;
  -webkit-align-self: flex-end;
  -ms-flex-item-align: end;
  align-self: flex-end;
  font-weight: 500;
  text-transform: uppercase;
  font-size: 0.875em;
  line-height: 0;
}

.emotion-22 {
  display: -webkit-box;
  display: -webkit-flex;
  display: -ms-flexbox;
  display: flex;
  -webkit-flex-direction: column;
  -ms-flex-direction: column;
  flex-direction: column;
  -webkit-box-pack: justify;
  -webkit-justify-content: space-between;
  -ms-flex-pack: justify;
  justify-content: space-between;
  -webkit-align-items: center;
  -webkit-box-align: center;
  -ms-flex-align: center;
  align-items: center;
  text-align: center;
  border-color: #D8D8D8;
  border-width: 0;
  margin: 0.75em 0;
  border-style: solid;
  height: 4em;
}

@media (max-width:900px) {
  .emotion-22 {
    font-size: 0.75em;
  }
}

.emotion-17 {
  font-size: 1.5em;
  font-weight: 700;
  dislay: flex;
  -webkit-align-items: top;
  -webkit-box-align: top;
  -ms-flex-align: top;
  align-items: top;
}

.emotion-19 {
  font-size: 0.875em;
  color: #838383;
  font-size: 0.66em;
  line-height: 1.4;
  color: inherit;
}

.emotion-31 {
  display: -webkit-box;
  display: -webkit-flex;
  display: -ms-flexbox;
  display: flex;
  -webkit-flex-direction: column;
  -ms-flex-direction: column;
  flex-direction: column;
  -webkit-box-pack: justify;
  -webkit-justify-content: space-between;
  -ms-flex-pack: justify;
  justify-content: space-between;
  -webkit-align-items: center;
  -webkit-box-align: center;
  -ms-flex-align: center;
  align-items: center;
  text-align: center;
  border-color: #D8D8D8;
  border-width: 0 1px;
  margin: 0.75em 0;
  border-style: solid;
  height: 4em;
}

@media (max-width:900px) {
  .emotion-31 {
    font-size: 0.75em;
  }
}

.emotion-24 {
  font-size: 0.33em;
}

.emotion-48 {
  margin-top: 1em;
}

.emotion-44 {
  font-size: 0.875em;
  color: #838383;
  margin-bottom: 0.5em;
}

.emotion-46 {
  width: 100%;
  height: auto;
}

<div
  className="emotion-50 emotion-51"
>
  <div
    className="emotion-42 emotion-43"
  >
    <div
      className="emotion-14 emotion-15 emotion-16"
    >
      <div
        className="emotion-0 emotion-1"
      />
      <div
        className="emotion-2 emotion-1"
      />
      <div
        className="emotion-12 emotion-13"
      >
        <div
          className="emotion-10 emotion-11"
        >
          <div
            className="emotion-4 emotion-5"
          >
            Difficulty
          </div>
          <div
            className="emotion-6 emotion-7"
          >
            0
          </div>
          <div
            className="emotion-8 emotion-9"
          >
            Very Easy
          </div>
        </div>
      </div>
    </div>
    <div
      className="emotion-21 emotion-22 emotion-23"
    >
      <div
        className="emotion-17 emotion-18"
      >
        0
      </div>
      <div
        className="emotion-19 emotion-20"
      >
        Miles
      </div>
    </div>
    <div
      className="emotion-21 emotion-31 emotion-23"
    >
      <div
        className="emotion-17 emotion-18"
      >
        +13
        <sup
          className="emotion-24 emotion-25"
        >
          ft
        </sup>
      </div>
      <div
        className="emotion-19 emotion-20"
      >
        Elevation Gain
      </div>
    </div>
    <div
      className="emotion-21 emotion-22 emotion-23"
    >
      <div
        className="emotion-17 emotion-18"
      >
        -0
        <sup
          className="emotion-24 emotion-25"
        >
          ft
        </sup>
      </div>
      <div
        className="emotion-19 emotion-20"
      >
        Elevation Loss
      </div>
    </div>
  </div>
  <div
    className="emotion-48 emotion-49"
  >
    <div
      className="emotion-44 emotion-45"
    >
      Altitude Change
    </div>
    <svg
      className="emotion-46 emotion-47"
      overflow="hidden"
      viewBox="0 0 275 100"
    >
      <g />
      <polyline
        fill="#344632"
        points="0,100 0,100 184.83145699143336,50 275,0 275,100"
      />
    </svg>
  </div>
</div>
`;
