// Jest Snapshot v1, https://goo.gl/fbAQLP

exports[`renders 1`] = `
.emotion-2 {
  display: grid;
  grid-template-columns: 1fr 2em;
  grid-template-rows: 1.1em;
  -webkit-align-items: center;
  -webkit-box-align: center;
  -ms-flex-align: center;
  align-items: center;
}

.emotion-0 {
  width: 100%;
  height: 65%;
  background-color: #5700EC;
}

.emotion-1 {
  font-size: 0.875em;
  color: #838383;
  font-size: 0.75em;
  text-align: right;
  color: #5700EC;
}

.emotion-3 {
  width: 100%;
  height: 65%;
  background-color: #FF9500;
}

.emotion-4 {
  font-size: 0.875em;
  color: #838383;
  font-size: 0.75em;
  text-align: right;
  color: #FF9500;
}

.emotion-6 {
  width: 100%;
  height: 65%;
  background-color: #FF6000;
}

.emotion-7 {
  font-size: 0.875em;
  color: #838383;
  font-size: 0.75em;
  text-align: right;
  color: #FF6000;
}

<div>
  <div
    className="emotion-2"
  >
    <div
      className="emotion-0"
      style={
        Object {
          "width": "1%",
        }
      }
    />
    <div
      className="emotion-1"
    >
      cat
    </div>
  </div>
  <div
    className="emotion-2"
  >
    <div
      className="emotion-3"
      style={
        Object {
          "width": "10%",
        }
      }
    />
    <div
      className="emotion-4"
    >
      dog
    </div>
  </div>
  <div
    className="emotion-2"
  >
    <div
      className="emotion-6"
      style={
        Object {
          "width": "100%",
        }
      }
    />
    <div
      className="emotion-7"
    >
      bird
    </div>
  </div>
</div>
`;
