// Jest Snapshot v1, https://goo.gl/fbAQLP

exports[`renders 1`] = `
Array [
  .emotion-0 {
  font-size: 0.875em;
  color: #838383;
  text-align: center;
  font-size: 0.75em;
  margin-top: 0.5em;
}

@media (max-width:900px) {
  .emotion-0 {
    font-size: 0.5em;
  }
}

<div
    className="emotion-0 emotion-1"
  >
    Average weather this week
  </div>,
  .emotion-4 {
  display: -webkit-box;
  display: -webkit-flex;
  display: -ms-flexbox;
  display: flex;
  -webkit-align-items: center;
  -webkit-box-align: center;
  -ms-flex-align: center;
  align-items: center;
  -webkit-box-pack: center;
  -webkit-justify-content: center;
  -ms-flex-pack: center;
  justify-content: center;
}

.emotion-5 {
  font-size: 0.875em;
  color: #838383;
  text-align: center;
  font-size: 0.75em;
  margin-top: 0.5em;
}

@media (max-width:900px) {
  .emotion-5 {
    font-size: 0.5em;
  }
}

.emotion-27 {
  display: grid;
  grid-template-columns: 33.3% 33.3% 33.3%;
}

.emotion-7 {
  display: grid;
  grid-template-rows: auto 0.6em;
  justify-items: center;
  -webkit-align-items: center;
  -webkit-box-align: center;
  -ms-flex-align: center;
  align-items: center;
  padding: 0.5em;
  padding-bottom: 1em;
  color: #838383;
  background: #E9E9E9;
}

@media (max-width:900px) {
  .emotion-7 {
    font-size: 0.875em;
  }
}

.emotion-0 {
  width: 3em;
  height: auto;
  margin-top: 0.5em;
  margin-right: 0.25em;
}

.emotion-0 path {
  fill: #FF6000;
}

.emotion-2 {
  font-size: 2em;
  color: #FF6000;
  font-weight: 500;
}

.emotion-16 {
  display: grid;
  grid-template-rows: auto 0.6em;
  justify-items: center;
  -webkit-align-items: center;
  -webkit-box-align: center;
  -ms-flex-align: center;
  align-items: center;
  padding: 0.5em;
  padding-bottom: 1em;
  color: #838383;
}

@media (max-width:900px) {
  .emotion-16 {
    font-size: 0.875em;
  }
}

.emotion-9 {
  width: 2.5em;
  height: auto;
  margin-top: 0.5em;
  margin-right: 0.25em;
}

.emotion-9 path {
  fill: #5700EC;
}

.emotion-11 {
  font-size: 2em;
  color: #5700EC;
  font-weight: 500;
}

.emotion-18 {
  width: 3em;
  height: auto;
  margin-top: 0.5em;
  margin-right: 0.25em;
}

.emotion-18 path {
  fill: #838383;
}

.emotion-20 {
  font-size: 2em;
  color: #838383;
  font-weight: 500;
}

<div
    className="emotion-27 emotion-28"
  >
    <div
      className="emotion-7 emotion-8"
    >
      <div
        className="emotion-4"
      >
        <test-file-stub
          className="emotion-0 emotion-1"
        />
        <div
          className="emotion-2 emotion-3"
        >
          100
          °
        </div>
      </div>
      <div
        className="emotion-5 emotion-6"
      >
        High Temperature
      </div>
    </div>
    <div
      className="emotion-16 emotion-8"
    >
      <div
        className="emotion-4"
      >
        <test-file-stub
          className="emotion-9 emotion-1"
        />
        <div
          className="emotion-11 emotion-3"
        >
          0
          °
        </div>
      </div>
      <div
        className="emotion-5 emotion-6"
      >
        Low Temperature
      </div>
    </div>
    <div
      className="emotion-7 emotion-8"
    >
      <div
        className="emotion-4"
      >
        <test-file-stub
          className="emotion-18 emotion-1"
        />
        <div
          className="emotion-20 emotion-3"
        >
          1%
        </div>
      </div>
      <div
        className="emotion-5 emotion-6"
      >
        Chance percipitation
      </div>
    </div>
  </div>,
]
`;
