// Jest Snapshot v1, https://goo.gl/fbAQLP

exports[`renders 1`] = `
.emotion-2 {
  margin-top: 1em;
}

.emotion-0 {
  font-size: 0.875em;
  color: #838383;
}

.emotion-1 {
  width: 100%;
  height: auto;
}

<div
  className="emotion-2"
>
  <div
    className="emotion-0"
  >
    Altitude Change
  </div>
  <svg
    className="emotion-1"
    overflow="hidden"
    viewBox="0 0 275 100"
  >
    <g>
      <g>
        <rect
          fill="#EAEAEA"
          height={100}
          width={275}
          x={0}
        />
        <text
          fill="#D5D5D5"
          fontSize="7px"
          x={2}
          y={7}
        >
          1
        </text>
      </g>
    </g>
    <polyline
      fill="#344632"
      points="0,100 0,90.29798334503863 1.3681592039800994,0 275,100 275,100"
    />
  </svg>
</div>
`;
