// Jest Snapshot v1, https://goo.gl/fbAQLP

exports[`renders 1`] = `
.emotion-8 {
  margin-top: 1em;
}

.emotion-0 {
  font-size: 0.875em;
  color: #838383;
  margin-bottom: 0.5em;
}

.emotion-6 {
  width: 100%;
  height: auto;
}

.emotion-2 {
  font-size: 7px;
  fill: #A7A7A7;
}

.emotion-4 {
  fill: #FF5500;
}

<div
  className="emotion-8 emotion-9"
>
  <div
    className="emotion-0 emotion-1"
  >
    Altitude Change
  </div>
  <svg
    className="emotion-6 emotion-7"
    overflow="hidden"
    viewBox="0 0 275 100"
  >
    <g>
      <g>
        <rect
          fill="#EAEAEA"
          height={100}
          width={275}
          x={0}
        />
        <text
          className="emotion-2 emotion-3"
          x={2}
          y={7}
        >
          1
        </text>
      </g>
    </g>
    <polyline
      className="emotion-4 emotion-5"
      points="0,100 0,92.23838667603091 1.3681592039800994,20 275,100 275,100"
    />
  </svg>
</div>
`;
