// Jest Snapshot v1, https://goo.gl/fbAQLP

exports[`renders 1`] = `
Array [
  .emotion-4 {
  width: 100%;
  height: 0.75em;
  display: -webkit-box;
  display: -webkit-flex;
  display: -ms-flexbox;
  display: flex;
  margin-bottom: 1em;
}

.emotion-0 {
  height: 100%;
  background-color: #9B3300;
}

.emotion-1 {
  height: 100%;
  background-color: #CA4300;
}

.emotion-2 {
  height: 100%;
  background-color: #FF6000;
}

.emotion-3 {
  height: 100%;
  background-color: #FFAE86;
}

<div
    className="emotion-4"
  >
    <div
      className="emotion-0"
    />
    <div
      className="emotion-1"
    />
    <div
      className="emotion-2"
    />
    <div
      className="emotion-3"
    />
  </div>,
  .emotion-4 {
  display: grid;
  grid-template-columns: 0.5fr 0.5fr;
  grid-column-gap: 1em;
  grid-row-gap: 0.25em;
}

.emotion-0 {
  display: -webkit-box;
  display: -webkit-flex;
  display: -ms-flexbox;
  display: flex;
  font-size: 0.75em;
  color: #9B3300;
}

.emotion-1 {
  display: -webkit-box;
  display: -webkit-flex;
  display: -ms-flexbox;
  display: flex;
  font-size: 0.75em;
  color: #CA4300;
}

.emotion-2 {
  display: -webkit-box;
  display: -webkit-flex;
  display: -ms-flexbox;
  display: flex;
  font-size: 0.75em;
  color: #FF6000;
}

.emotion-3 {
  display: -webkit-box;
  display: -webkit-flex;
  display: -ms-flexbox;
  display: flex;
  font-size: 0.75em;
  color: #FFAE86;
}

<div
    className="emotion-4"
  >
    <div
      className="emotion-0"
    >
      <test-file-stub />
      30%
       Hike
    </div>
    <div
      className="emotion-1"
    >
      <test-file-stub />
      40%
       Horse
    </div>
    <div
      className="emotion-2"
    >
      <test-file-stub />
      30%
       Bike
    </div>
    <div
      className="emotion-3"
    >
      <test-file-stub />
      0%
       OHV
    </div>
  </div>,
]
`;
