// Jest Snapshot v1, https://goo.gl/fbAQLP

exports[`renders 1`] = `
.emotion-30 {
  margin: 0.5em 0 3em 0;
  padding: 0 1em;
}

.emotion-8 {
  display: -webkit-box;
  display: -webkit-flex;
  display: -ms-flexbox;
  display: flex;
  -webkit-align-items: center;
  -webkit-box-align: center;
  -ms-flex-align: center;
  align-items: center;
  width: 100%;
  border-radius: 0.5em;
  -webkit-box-pack: justify;
  -webkit-justify-content: space-between;
  -ms-flex-pack: justify;
  justify-content: space-between;
  background-color: #FF5500;
  box-sizing: border-box;
  color: #fff;
  font-size: 0.75em;
  margin-bottom: 1em;
  padding: 0.5em 0.75em;
}

.emotion-8:nth-of-type(3n + 2) {
  background-color: #CA4300;
}

.emotion-8:nth-of-type(3n + 3) {
  background-color: #9B3300;
}

.emotion-0 {
  padding: 0.5em 0.75em;
}

.emotion-2 {
  border-right: 1px solid #FF9500;
  padding: 0.5em 0.75em;
}

.emotion-4 {
  width: 2.5em;
  height: 0.75em;
  padding: 0 0.5em 0 0.25em;
  display: block;
}

.emotion-4 path {
  stroke: #fff;
}

<div
  className="emotion-30 emotion-31"
>
  <li
    className="emotion-8 emotion-9"
  >
    <div
      className="emotion-0 emotion-1"
    >
      fun trail
    </div>
    <div
      className="emotion-0 emotion-1"
    >
      <div
        className="emotion-2 emotion-3"
      >
        0m
      </div>
      <test-file-stub
        className="emotion-4 emotion-5"
        onClick={[Function]}
      />
    </div>
  </li>
  <li
    className="emotion-8 emotion-9"
  >
    <div
      className="emotion-0 emotion-1"
    >
      not fun trail
    </div>
    <div
      className="emotion-0 emotion-1"
    >
      <div
        className="emotion-2 emotion-3"
      >
        
      </div>
      <test-file-stub
        className="emotion-4 emotion-5"
        onClick={[Function]}
      />
    </div>
  </li>
  <li
    className="emotion-8 emotion-9"
  >
    <div
      className="emotion-0 emotion-1"
    >
      super fun trail
    </div>
    <div
      className="emotion-0 emotion-1"
    >
      <div
        className="emotion-2 emotion-3"
      >
        31.1m
      </div>
      <test-file-stub
        className="emotion-4 emotion-5"
        onClick={[Function]}
      />
    </div>
  </li>
</div>
`;
